
> build
> vite build

[36mvite v7.3.3 [32mbuilding client environment for production...[36m[39m
transforming...
[32mΓ£ô[39m 2130 modules transformed.
rendering chunks...
computing gzip size...
[2mdist/client/[22m[32m.assetsignore                                    [39m[1m[2m    0.02 kB[22m[1m[22m
[2mdist/client/[22m[32massets/logo-tXKih3tW.png                         [39m[1m[2m1,477.91 kB[22m[1m[22m
[2mdist/client/[22m[35massets/styles-DNyoS7Sa.css                       [39m[1m[2m  108.01 kB[22m[1m[22m[2m Γöé gzip:  16.64 kB[22m
[2mdist/client/[22m[36massets/plus-BfbW1jwP.js                          [39m[1m[2m    0.15 kB[22m[1m[22m[2m Γöé gzip:   0.15 kB[22m
[2mdist/client/[22m[36massets/facebook-BPI4AvKD.js                      [39m[1m[2m    0.18 kB[22m[1m[22m[2m Γöé gzip:   0.18 kB[22m
[2mdist/client/[22m[36massets/admin-Cg4To97E.js                         [39m[1m[2m    0.18 kB[22m[1m[22m[2m Γöé gzip:   0.16 kB[22m
[2mdist/client/[22m[36massets/dollar-sign-BFS5pFPq.js                   [39m[1m[2m    0.22 kB[22m[1m[22m[2m Γöé gzip:   0.19 kB[22m
[2mdist/client/[22m[36massets/download-IrWtRFFF.js                      [39m[1m[2m    0.23 kB[22m[1m[22m[2m Γöé gzip:   0.19 kB[22m
[2mdist/client/[22m[36massets/video-rhTjCSYQ.js                         [39m[1m[2m    0.25 kB[22m[1m[22m[2m Γöé gzip:   0.22 kB[22m
[2mdist/client/[22m[36massets/circle-alert-C321db9K.js                  [39m[1m[2m    0.25 kB[22m[1m[22m[2m Γöé gzip:   0.19 kB[22m
[2mdist/client/[22m[36massets/heart-B290xJeF.js                         [39m[1m[2m    0.26 kB[22m[1m[22m[2m Γöé gzip:   0.22 kB[22m
[2mdist/client/[22m[36massets/Logo-B8Fygu0S.js                          [39m[1m[2m    0.27 kB[22m[1m[22m[2m Γöé gzip:   0.23 kB[22m
[2mdist/client/[22m[36massets/list-music-DBDIE_DZ.js                    [39m[1m[2m    0.28 kB[22m[1m[22m[2m Γöé gzip:   0.21 kB[22m
[2mdist/client/[22m[36massets/badge-check-DMPnEk-E.js                   [39m[1m[2m    0.32 kB[22m[1m[22m[2m Γöé gzip:   0.21 kB[22m
[2mdist/client/[22m[36massets/shopping-bag-BB94DQ24.js                  [39m[1m[2m    0.34 kB[22m[1m[22m[2m Γöé gzip:   0.24 kB[22m
[2mdist/client/[22m[36massets/AdSense-DKtbOAqT.js                       [39m[1m[2m    0.55 kB[22m[1m[22m[2m Γöé gzip:   0.38 kB[22m
[2mdist/client/[22m[36massets/youtube-a3ktk98U.js                       [39m[1m[2m    0.58 kB[22m[1m[22m[2m Γöé gzip:   0.33 kB[22m
[2mdist/client/[22m[36massets/paypal.functions-C8LEZcd1.js              [39m[1m[2m    0.60 kB[22m[1m[22m[2m Γöé gzip:   0.36 kB[22m
[2mdist/client/[22m[36massets/textarea-BMo1f5Lb.js                      [39m[1m[2m    0.63 kB[22m[1m[22m[2m Γöé gzip:   0.43 kB[22m
[2mdist/client/[22m[36massets/user-plus-CTPL2HFU.js                     [39m[1m[2m    0.74 kB[22m[1m[22m[2m Γöé gzip:   0.41 kB[22m
[2mdist/client/[22m[36massets/demo-beats-oWoQQyMf.js                    [39m[1m[2m    0.99 kB[22m[1m[22m[2m Γöé gzip:   0.44 kB[22m
[2mdist/client/[22m[36massets/VideoCard-C2eZRYTb.js                     [39m[1m[2m    1.08 kB[22m[1m[22m[2m Γöé gzip:   0.60 kB[22m
[2mdist/client/[22m[36massets/reset-password-DrgftHmd.js                [39m[1m[2m    1.59 kB[22m[1m[22m[2m Γöé gzip:   0.83 kB[22m
[2mdist/client/[22m[36massets/category._slug-vUh5pFxs.js                [39m[1m[2m    2.19 kB[22m[1m[22m[2m Γöé gzip:   1.11 kB[22m
[2mdist/client/[22m[36massets/auth.callback-Bz6x8kW4.js                 [39m[1m[2m    2.45 kB[22m[1m[22m[2m Γöé gzip:   0.99 kB[22m
[2mdist/client/[22m[36massets/live.index-CClKFxa1.js                    [39m[1m[2m    3.06 kB[22m[1m[22m[2m Γöé gzip:   1.27 kB[22m
[2mdist/client/[22m[36massets/BeatCard-C-tTfw0X.js                      [39m[1m[2m    3.22 kB[22m[1m[22m[2m Γöé gzip:   1.33 kB[22m
[2mdist/client/[22m[36massets/live._id-BsoVm63e.js                      [39m[1m[2m    3.30 kB[22m[1m[22m[2m Γöé gzip:   1.44 kB[22m
[2mdist/client/[22m[36massets/producer.subscribe-CbQdEMiL.js            [39m[1m[2m    3.37 kB[22m[1m[22m[2m Γöé gzip:   1.46 kB[22m
[2mdist/client/[22m[36massets/search-C-zPc5vU.js                        [39m[1m[2m    4.27 kB[22m[1m[22m[2m Γöé gzip:   1.65 kB[22m
[2mdist/client/[22m[36massets/producer.upload-FjENpKyU.js               [39m[1m[2m    4.70 kB[22m[1m[22m[2m Γöé gzip:   1.90 kB[22m
[2mdist/client/[22m[36massets/label-CHZcdcZX.js                         [39m[1m[2m    5.06 kB[22m[1m[22m[2m Γöé gzip:   2.21 kB[22m
[2mdist/client/[22m[36massets/beats.functions-B4IpS5-e.js               [39m[1m[2m    5.08 kB[22m[1m[22m[2m Γöé gzip:   2.26 kB[22m
[2mdist/client/[22m[36massets/playlists._id-e5D65Dvk.js                 [39m[1m[2m    5.51 kB[22m[1m[22m[2m Γöé gzip:   1.77 kB[22m
[2mdist/client/[22m[36massets/go-live-DgU8aSws.js                       [39m[1m[2m    5.68 kB[22m[1m[22m[2m Γöé gzip:   2.19 kB[22m
[2mdist/client/[22m[36massets/library-iIHmeRDD.js                       [39m[1m[2m    6.22 kB[22m[1m[22m[2m Γöé gzip:   2.05 kB[22m
[2mdist/client/[22m[36massets/Footer-N8K040Qi.js                        [39m[1m[2m    6.26 kB[22m[1m[22m[2m Γöé gzip:   2.48 kB[22m
[2mdist/client/[22m[36massets/upload-CN8zf0dT.js                        [39m[1m[2m    6.52 kB[22m[1m[22m[2m Γöé gzip:   2.47 kB[22m
[2mdist/client/[22m[36massets/producer.dashboard-HhtEn75c.js            [39m[1m[2m    7.15 kB[22m[1m[22m[2m Γöé gzip:   2.28 kB[22m
[2mdist/client/[22m[36massets/beats.index-8lCZ53VA.js                   [39m[1m[2m    7.47 kB[22m[1m[22m[2m Γöé gzip:   2.78 kB[22m
[2mdist/client/[22m[36massets/beats._id-CUM60wR6.js                     [39m[1m[2m    8.12 kB[22m[1m[22m[2m Γöé gzip:   2.73 kB[22m
[2mdist/client/[22m[36massets/demo-videos-r9a3y-gu.js                   [39m[1m[2m    8.37 kB[22m[1m[22m[2m Γöé gzip:   2.20 kB[22m
[2mdist/client/[22m[36massets/login-BLaZi7o7.js                         [39m[1m[2m    8.39 kB[22m[1m[22m[2m Γöé gzip:   3.45 kB[22m
[2mdist/client/[22m[36massets/useQuery-CPeKsmaQ.js                      [39m[1m[2m    8.81 kB[22m[1m[22m[2m Γöé gzip:   3.20 kB[22m
[2mdist/client/[22m[36massets/watch._id-COPuFO1i.js                     [39m[1m[2m    9.59 kB[22m[1m[22m[2m Γöé gzip:   3.27 kB[22m
[2mdist/client/[22m[36massets/producer.contact-settings-BL9Hrg5I.js     [39m[1m[2m   10.22 kB[22m[1m[22m[2m Γöé gzip:   3.54 kB[22m
[2mdist/client/[22m[36massets/contact-BnDtSYl6.js                       [39m[1m[2m   11.59 kB[22m[1m[22m[2m Γöé gzip:   4.23 kB[22m
[2mdist/client/[22m[36massets/messages-CeSmuvPZ.js                      [39m[1m[2m   20.54 kB[22m[1m[22m[2m Γöé gzip:   5.82 kB[22m
[2mdist/client/[22m[36massets/producer.contact-submissions-Bmm8Hlec.js  [39m[1m[2m   21.48 kB[22m[1m[22m[2m Γöé gzip:   6.74 kB[22m
[2mdist/client/[22m[36massets/index-CnlNvq27.js                         [39m[1m[2m   38.55 kB[22m[1m[22m[2m Γöé gzip:  10.67 kB[22m
[2mdist/client/[22m[36massets/MobileBottomNav-DyG7nyqR.js               [39m[1m[2m  117.33 kB[22m[1m[22m[2m Γöé gzip:  38.39 kB[22m
[2mdist/client/[22m[36massets/index-BqDnyjp4.js                         [39m[1m[33m  657.82 kB[39m[22m[2m Γöé gzip: 191.01 kB[22m
node.exe : [33m
At line:1 char:1
+ & "C:\Program Files\nodejs/node.exe" "C:\Program Files\nodejs/node_mo ...
+ ~~~~~~~~~~~~~~~~~~~~~~~~~~~~~~~~~~~~~~~~~~~~~~~~~~~~~~~~~~~~~~~~~~~~~
    + CategoryInfo          : NotSpecified: ([33m:String) [], RemoteException
    + FullyQualifiedErrorId : NativeCommandError
 
(!) Some chunks are larger than 500 kB after minification. Consider:
- Using dynamic import() to code-split the application
- Use build.rollupOptions.output.manualChunks to improve chunking: 
https://rollupjs.org/configuration-options/#output-manualchunks
- Adjust chunk size limit for this warning via 
build.chunkSizeWarningLimit.[39m
[32mΓ£ô built in 6.59s[39m
[36mvite v7.3.3 [32mbuilding ssr environment for production...[36m[39m
transforming...
[32mΓ£ô[39m 2391 modules transformed.
rendering chunks...
Using secrets defined in .env
[2mdist/server/[22m[32m.dev.vars                                              [39m[1m[2m    0.36 kB[22m[1m[22m
[2mdist/server/[22m[32mwrangler.json                                          [39m[1m[2m    1.36 kB[22m[1m[22m
[2mdist/server/[22m[32m.vite/manifest.json                                    [39m[1m[2m   23.55 kB[22m[1m[22m
[2mdist/server/[22m[32massets/logo-tXKih3tW.png                               [39m[1m[2m1,477.91 kB[22m[1m[22m
[2mdist/server/[22m[35massets/styles-DNyoS7Sa.css                             [39m[1m[2m  108.01 kB[22m[1m[22m
[2mdist/server/[22m[36mindex.js                                               [39m[1m[2m    0.10 kB[22m[1m[22m
[2mdist/server/[22m[36massets/__23tanstack-start-plugin-adapters-Cwee5PKy.js  [39m[1m[2m    0.14 kB[22m[1m[22m
[2mdist/server/[22m[36massets/plus-CcDgAv_R.js                                [39m[1m[2m    0.25 kB[22m[1m[22m
[2mdist/server/[22m[36massets/facebook-b-lyIMbV.js                            [39m[1m[2m    0.29 kB[22m[1m[22m
[2mdist/server/[22m[36massets/admin-Cu0IZw9v.js                               [39m[1m[2m    0.30 kB[22m[1m[22m
[2mdist/server/[22m[36massets/dollar-sign-DOI7bhxb.js                         [39m[1m[2m    0.34 kB[22m[1m[22m
[2mdist/server/[22m[36massets/download-BaRr73wr.js                            [39m[1m[2m    0.35 kB[22m[1m[22m
[2mdist/server/[22m[36massets/heart-CwUFeQ9g.js                               [39m[1m[2m    0.38 kB[22m[1m[22m
[2mdist/server/[22m[36massets/video-N4alwkQ_.js                               [39m[1m[2m    0.39 kB[22m[1m[22m
[2mdist/server/[22m[36massets/circle-alert-C8SqsATZ.js                        [39m[1m[2m    0.39 kB[22m[1m[22m
[2mdist/server/[22m[36massets/list-music-C5r21aOF.js                          [39m[1m[2m    0.42 kB[22m[1m[22m
[2mdist/server/[22m[36massets/Logo-CKN1Wfe6.js                                [39m[1m[2m    0.45 kB[22m[1m[22m
[2mdist/server/[22m[36massets/badge-check-CaIOVQmh.js                         [39m[1m[2m    0.46 kB[22m[1m[22m
[2mdist/server/[22m[36massets/shopping-bag-BlnUcOTj.js                        [39m[1m[2m    0.49 kB[22m[1m[22m
[2mdist/server/[22m[36massets/client-iPqJCmI6.js                              [39m[1m[2m    0.68 kB[22m[1m[22m
[2mdist/server/[22m[36massets/createMiddleware-BvN2ghIY.js                    [39m[1m[2m    0.69 kB[22m[1m[22m
[2mdist/server/[22m[36massets/youtube-Cc1JSK2Q.js                             [39m[1m[2m    0.82 kB[22m[1m[22m
[2mdist/server/[22m[36massets/textarea-Cy1mjwWM.js                            [39m[1m[2m    1.03 kB[22m[1m[22m
[2mdist/server/[22m[36massets/AdSense-Cxb9K9w8.js                             [39m[1m[2m    1.04 kB[22m[1m[22m
[2mdist/server/[22m[36massets/user-plus-CP-kVzQb.js                           [39m[1m[2m    1.11 kB[22m[1m[22m
[2mdist/server/[22m[36massets/demo-beats-CkGkXJ-J.js                          [39m[1m[2m    1.28 kB[22m[1m[22m
[2mdist/server/[22m[36massets/client.server-B-scgZIl.js                       [39m[1m[2m    1.35 kB[22m[1m[22m
[2mdist/server/[22m[36massets/paypal.functions-B-ipMbJo.js                    [39m[1m[2m    1.58 kB[22m[1m[22m
[2mdist/server/[22m[36massets/VideoCard-C7-XgmGV.js                           [39m[1m[2m    1.81 kB[22m[1m[22m
[2mdist/server/[22m[36massets/start-8opy0w3l.js                               [39m[1m[2m    1.86 kB[22m[1m[22m
[2mdist/server/[22m[36massets/auth-middleware-C4FpRP8M.js                     [39m[1m[2m    2.16 kB[22m[1m[22m
[2mdist/server/[22m[36massets/beats.functions-CSW8MCS3.js                     [39m[1m[2m    2.30 kB[22m[1m[22m
[2mdist/server/[22m[36massets/reset-password-BUk6wVnU.js                      [39m[1m[2m    2.66 kB[22m[1m[22m
[2mdist/server/[22m[36massets/category._slug-CXK10Wmy.js                      [39m[1m[2m    3.93 kB[22m[1m[22m
[2mdist/server/[22m[36massets/auth.callback-BiqnPScN.js                       [39m[1m[2m    4.58 kB[22m[1m[22m
[2mdist/server/[22m[36massets/live.index-DYx0ds_H.js                          [39m[1m[2m    5.16 kB[22m[1m[22m
[2mdist/server/[22m[36massets/BeatCard-9zUClPTw.js                            [39m[1m[2m    5.21 kB[22m[1m[22m
[2mdist/server/[22m[36massets/live._id-DaAADZd9.js                            [39m[1m[2m    5.53 kB[22m[1m[22m
[2mdist/server/[22m[36massets/producer.subscribe-vz8NkhbM.js                  [39m[1m[2m    5.80 kB[22m[1m[22m
[2mdist/server/[22m[36massets/search-dw94CSQV.js                              [39m[1m[2m    7.39 kB[22m[1m[22m
[2mdist/server/[22m[36massets/producer.upload-BcF22POx.js                     [39m[1m[2m    8.74 kB[22m[1m[22m
[2mdist/server/[22m[36massets/Footer-DmNcPzOu.js                              [39m[1m[2m    9.08 kB[22m[1m[22m
[2mdist/server/[22m[36massets/playlists._id-Bl0_xgN3.js                       [39m[1m[2m    9.60 kB[22m[1m[22m
[2mdist/server/[22m[36massets/go-live-Bn5eC_5Q.js                             [39m[1m[2m    9.80 kB[22m[1m[22m
[2mdist/server/[22m[36massets/_tanstack-start-manifest_v-D8fDod6g.js          [39m[1m[2m   10.19 kB[22m[1m[22m
[2mdist/server/[22m[36massets/demo-videos-BYXVx8wW.js                         [39m[1m[2m   10.22 kB[22m[1m[22m
[2mdist/server/[22m[36massets/upload-CTAhMvTm.js                              [39m[1m[2m   10.54 kB[22m[1m[22m
[2mdist/server/[22m[36massets/library-4qhVR0BW.js                             [39m[1m[2m   10.55 kB[22m[1m[22m
[2mdist/server/[22m[36massets/label-QnsYhStR.js                               [39m[1m[2m   10.61 kB[22m[1m[22m
[2mdist/server/[22m[36massets/beats.index-Cq3FD6g0.js                         [39m[1m[2m   12.08 kB[22m[1m[22m
[2mdist/server/[22m[36massets/producer.dashboard-juUHPr3_.js                  [39m[1m[2m   12.19 kB[22m[1m[22m
[2mdist/server/[22m[36massets/beats._id-DhIhc7uH.js                           [39m[1m[2m   15.06 kB[22m[1m[22m
[2mdist/server/[22m[36massets/login-DMSgSA-t.js                               [39m[1m[2m   15.30 kB[22m[1m[22m
[2mdist/server/[22m[36massets/watch._id-DPeisGO1.js                           [39m[1m[2m   17.05 kB[22m[1m[22m
[2mdist/server/[22m[36massets/producer.contact-settings-3EsJ7zsQ.js           [39m[1m[2m   19.97 kB[22m[1m[22m
[2mdist/server/[22m[36massets/contact-c3hIMmz7.js                             [39m[1m[2m   20.36 kB[22m[1m[22m
[2mdist/server/[22m[36massets/worker-entry-DoHaba0C.js                        [39m[1m[2m   21.31 kB[22m[1m[22m
[2mdist/server/[22m[36massets/useQuery-GSAOLW-5.js                            [39m[1m[2m   21.66 kB[22m[1m[22m
[2mdist/server/[22m[36massets/messages-RYXA2QUo.js                            [39m[1m[2m   35.54 kB[22m[1m[22m
[2mdist/server/[22m[36massets/producer.contact-submissions-BCMBf9qi.js        [39m[1m[2m   45.81 kB[22m[1m[22m
[2mdist/server/[22m[36massets/paypal.functions-DE4Jg-t6.js                    [39m[1m[2m   50.46 kB[22m[1m[22m
[2mdist/server/[22m[36massets/index-EDLS8QUj.js                               [39m[1m[2m   60.16 kB[22m[1m[22m
[2mdist/server/[22m[36massets/types-DxrsuSRu.js                               [39m[1m[2m  105.92 kB[22m[1m[22m
[2mdist/server/[22m[36massets/beats.functions-1tdyb9fE.js                     [39m[1m[2m  216.78 kB[22m[1m[22m
[2mdist/server/[22m[36massets/router-Dp7x4FzM.js                              [39m[1m[2m  243.72 kB[22m[1m[22m
[2mdist/server/[22m[36massets/MobileBottomNav-DvdFvAbU.js                     [39m[1m[2m  316.91 kB[22m[1m[22m
[2mdist/server/[22m[36massets/index-NWCZ7_Ys.js                               [39m[1m[33m  706.65 kB[39m[22m
[2mdist/server/[22m[36massets/server-DzeQDEUp.js                              [39m[1m[33m  735.79 kB[39m[22m
[32mΓ£ô built in 5.53s[39m
